develop new test.log

develop : commit 1